public import Foundation
public import PostgrestMacros

public enum Inventory: PostgrestSchema {
  public static let name = "inventory"
}

public struct InventoryUserStatus: RawRepresentable, Codable, Hashable, Sendable,
  ExpressibleByStringLiteral, PostgrestFilterValue
{
  public let rawValue: String
  public init(rawValue: String) {
    self.rawValue = rawValue
  }
  public init(stringLiteral value: String) {
    self.init(rawValue: value)
  }

  public static let stocked: InventoryUserStatus = "STOCKED"
  public static let discontinued: InventoryUserStatus = "DISCONTINUED"
}

public struct MemeStatus: RawRepresentable, Codable, Hashable, Sendable,
  ExpressibleByStringLiteral, PostgrestFilterValue
{
  public let rawValue: String
  public init(rawValue: String) {
    self.rawValue = rawValue
  }
  public init(stringLiteral value: String) {
    self.init(rawValue: value)
  }

  public static let new: MemeStatus = "new"
  public static let old: MemeStatus = "old"
  public static let retired: MemeStatus = "retired"
}

public struct UserStatus: RawRepresentable, Codable, Hashable, Sendable,
  ExpressibleByStringLiteral, PostgrestFilterValue
{
  public let rawValue: String
  public init(rawValue: String) {
    self.rawValue = rawValue
  }
  public init(stringLiteral value: String) {
    self.init(rawValue: value)
  }

  public static let active: UserStatus = "ACTIVE"
  public static let inactive: UserStatus = "INACTIVE"
}

@Table("items", schema: Inventory.self)
public struct InventoryItems {
  @PrimaryKey @Default public var id: Int
  public var ownerId: Int
  @Default public var status: InventoryUserStatus
}

@Table("users", schema: Inventory.self)
public struct InventoryUsers {
  @PrimaryKey @Default public var id: Int
  @Default public var status: InventoryUserStatus?
  public var publicUserId: Int?
}

@Table("a_view")
public struct AView {
  public var id: Int?
}

@Table("category")
public struct Category {
  @PrimaryKey @Default public var id: Int
  public var name: String
}

@Table("empty")
public struct Empty {
}

@Table("events")
public struct Events {
  @PrimaryKey @Default public var id: Int
  @PrimaryKey @Default public var createdAt: Date
  public var eventType: String?
  public var data: JSONValue?
}

@Table("events_2024")
public struct Events2024 {
  @PrimaryKey public var id: Int
  @PrimaryKey @Default public var createdAt: Date
  public var eventType: String?
  public var data: JSONValue?
}

@Table("events_2025")
public struct Events2025 {
  @PrimaryKey public var id: Int
  @PrimaryKey @Default public var createdAt: Date
  public var eventType: String?
  public var data: JSONValue?
}

@Table("foreign_table", readOnly: true)
public struct ForeignTable {
  public var id: Int
  public var name: String?
  public var status: UserStatus?
}

@Table("interval_test")
public struct IntervalTest {
  @PrimaryKey @Default public var id: Int
  public var durationRequired: JSONValue
  public var durationOptional: JSONValue?
}

@Table("memes")
public struct Memes {
  @PrimaryKey @Default public var id: Int
  public var name: String
  public var category: Int?
  public var metadata: JSONValue?
  public var createdAt: Date
  @Default public var status: MemeStatus?
}

@Table("scalar_type_test")
public struct ScalarTypeTest {
  @PrimaryKey @Default public var id: Int
  public var flag: Bool
  public var smallInt: Int?
  public var singlePrecision: Double?
  public var doublePrecision: Double?
}

@Table("table_with_other_tables_row_type")
public struct TableWithOtherTablesRowType {
  public var col1: JSONValue?
  public var col2: JSONValue?
}

@Table("table_with_primary_key_other_than_id")
public struct TableWithPrimaryKeyOtherThanId {
  @PrimaryKey @Default public var otherId: Int
  public var name: String?
}

@Table("todos")
public struct Todos {
  @PrimaryKey @Default public var id: Int
  public var details: String?
  @Column("user-id") public var userId: Int
}

@Table("todos_matview", readOnly: true)
public struct TodosMatview {
  public var id: Int?
  public var details: String?
  @Column("user-id") public var userId: Int?
}

@Table("todos_view")
public struct TodosView {
  public var id: Int?
  public var details: String?
  @Column("user-id") public var userId: Int?
}

@Table("user_details")
public struct UserDetails {
  @PrimaryKey public var userId: Int
  public var details: String?
}

@Table("user_todos_summary_view", readOnly: true)
public struct UserTodosSummaryView {
  public var userId: Int?
  public var userName: String?
  public var userStatus: UserStatus?
  public var todoCount: Int?
  public var todoDetails: [String]?
}

@Table("users")
public struct Users {
  @PrimaryKey @Default public var id: Int
  public var name: String?
  @Default public var status: UserStatus?
  public var decimal: Decimal?
  @Default public var userUuid: UUID?
}

@Table("users_audit")
public struct UsersAudit {
  @Default public var id: Int
  @Default public var createdAt: Date?
  public var userId: Int?
  public var previousValue: JSONValue?
}

@Table("users_view")
public struct UsersView {
  public var id: Int?
  public var name: String?
  public var status: UserStatus?
  public var decimal: Decimal?
  public var userUuid: UUID?
}

@Table("users_view_with_multiple_refs_to_users", readOnly: true)
public struct UsersViewWithMultipleRefsToUsers {
  public var initialId: Int?
  public var initialName: String?
  public var secondId: Int?
  public var secondName: String?
}
